// Jest Snapshot v1, https://goo.gl/fbAQLP

exports[`renders 1`] = `
ShallowWrapper {
  Symbol(enzyme.__root__): [Circular],
  Symbol(enzyme.__unrendered__): <App />,
  Symbol(enzyme.__renderer__): Object {
    "batchedUpdates": [Function],
    "getNode": [Function],
    "render": [Function],
    "simulateError": [Function],
    "simulateEvent": [Function],
    "unmount": [Function],
  },
  Symbol(enzyme.__node__): Object {
    "instance": null,
    "key": undefined,
    "nodeType": "host",
    "props": Object {
      "children": Array [
        <div
          className="App-header"
>
          <h1>
                    CFP Organizer
          </h1>
          <h2>
                    Sort and filter open CFPs
          </h2>
          <ul
                    className="ViewList"
          >
                    <li
                              className="ViewList-item ViewList-item--active"
                              onClick={[Function]}
                    >
                              List
                    </li>
                    <li
                              className="ViewList-item "
                              onClick={[Function]}
                    >
                              Map
                    </li>
          </ul>
</div>,
        <Unknown />,
        false,
        false,
        <p
          className="Created u-small"
>
          Created by Mercedes Bernard |
           
          <a
                    href="https://github.com/mercedesb"
          >
                    Github
          </a>
           |
           
          <a
                    href="https://twitter.com/mercedescodes"
          >
                    Twitter
          </a>
</p>,
      ],
      "className": "App",
    },
    "ref": null,
    "rendered": Array [
      Object {
        "instance": null,
        "key": undefined,
        "nodeType": "host",
        "props": Object {
          "children": Array [
            <h1>
              CFP Organizer
</h1>,
            <h2>
              Sort and filter open CFPs
</h2>,
            <ul
              className="ViewList"
>
              <li
                            className="ViewList-item ViewList-item--active"
                            onClick={[Function]}
              >
                            List
              </li>
              <li
                            className="ViewList-item "
                            onClick={[Function]}
              >
                            Map
              </li>
</ul>,
          ],
          "className": "App-header",
        },
        "ref": null,
        "rendered": Array [
          Object {
            "instance": null,
            "key": undefined,
            "nodeType": "host",
            "props": Object {
              "children": "CFP Organizer",
            },
            "ref": null,
            "rendered": "CFP Organizer",
            "type": "h1",
          },
          Object {
            "instance": null,
            "key": undefined,
            "nodeType": "host",
            "props": Object {
              "children": "Sort and filter open CFPs",
            },
            "ref": null,
            "rendered": "Sort and filter open CFPs",
            "type": "h2",
          },
          Object {
            "instance": null,
            "key": undefined,
            "nodeType": "host",
            "props": Object {
              "children": Array [
                <li
                  className="ViewList-item ViewList-item--active"
                  onClick={[Function]}
>
                  List
</li>,
                <li
                  className="ViewList-item "
                  onClick={[Function]}
>
                  Map
</li>,
              ],
              "className": "ViewList",
            },
            "ref": null,
            "rendered": Array [
              Object {
                "instance": null,
                "key": undefined,
                "nodeType": "host",
                "props": Object {
                  "children": "List",
                  "className": "ViewList-item ViewList-item--active",
                  "onClick": [Function],
                },
                "ref": null,
                "rendered": "List",
                "type": "li",
              },
              Object {
                "instance": null,
                "key": undefined,
                "nodeType": "host",
                "props": Object {
                  "children": "Map",
                  "className": "ViewList-item ",
                  "onClick": [Function],
                },
                "ref": null,
                "rendered": "Map",
                "type": "li",
              },
            ],
            "type": "ul",
          },
        ],
        "type": "div",
      },
      Object {
        "instance": null,
        "key": undefined,
        "nodeType": "function",
        "props": Object {},
        "ref": null,
        "rendered": null,
        "type": [Function],
      },
      false,
      false,
      Object {
        "instance": null,
        "key": undefined,
        "nodeType": "host",
        "props": Object {
          "children": Array [
            "Created by Mercedes Bernard |",
            " ",
            <a
              href="https://github.com/mercedesb"
>
              Github
</a>,
            " |",
            " ",
            <a
              href="https://twitter.com/mercedescodes"
>
              Twitter
</a>,
          ],
          "className": "Created u-small",
        },
        "ref": null,
        "rendered": Array [
          "Created by Mercedes Bernard |",
          " ",
          Object {
            "instance": null,
            "key": undefined,
            "nodeType": "host",
            "props": Object {
              "children": "Github",
              "href": "https://github.com/mercedesb",
            },
            "ref": null,
            "rendered": "Github",
            "type": "a",
          },
          " |",
          " ",
          Object {
            "instance": null,
            "key": undefined,
            "nodeType": "host",
            "props": Object {
              "children": "Twitter",
              "href": "https://twitter.com/mercedescodes",
            },
            "ref": null,
            "rendered": "Twitter",
            "type": "a",
          },
        ],
        "type": "p",
      },
    ],
    "type": "div",
  },
  Symbol(enzyme.__nodes__): Array [
    Object {
      "instance": null,
      "key": undefined,
      "nodeType": "host",
      "props": Object {
        "children": Array [
          <div
            className="App-header"
>
            <h1>
                        CFP Organizer
            </h1>
            <h2>
                        Sort and filter open CFPs
            </h2>
            <ul
                        className="ViewList"
            >
                        <li
                                    className="ViewList-item ViewList-item--active"
                                    onClick={[Function]}
                        >
                                    List
                        </li>
                        <li
                                    className="ViewList-item "
                                    onClick={[Function]}
                        >
                                    Map
                        </li>
            </ul>
</div>,
          <Unknown />,
          false,
          false,
          <p
            className="Created u-small"
>
            Created by Mercedes Bernard |
             
            <a
                        href="https://github.com/mercedesb"
            >
                        Github
            </a>
             |
             
            <a
                        href="https://twitter.com/mercedescodes"
            >
                        Twitter
            </a>
</p>,
        ],
        "className": "App",
      },
      "ref": null,
      "rendered": Array [
        Object {
          "instance": null,
          "key": undefined,
          "nodeType": "host",
          "props": Object {
            "children": Array [
              <h1>
                CFP Organizer
</h1>,
              <h2>
                Sort and filter open CFPs
</h2>,
              <ul
                className="ViewList"
>
                <li
                                className="ViewList-item ViewList-item--active"
                                onClick={[Function]}
                >
                                List
                </li>
                <li
                                className="ViewList-item "
                                onClick={[Function]}
                >
                                Map
                </li>
</ul>,
            ],
            "className": "App-header",
          },
          "ref": null,
          "rendered": Array [
            Object {
              "instance": null,
              "key": undefined,
              "nodeType": "host",
              "props": Object {
                "children": "CFP Organizer",
              },
              "ref": null,
              "rendered": "CFP Organizer",
              "type": "h1",
            },
            Object {
              "instance": null,
              "key": undefined,
              "nodeType": "host",
              "props": Object {
                "children": "Sort and filter open CFPs",
              },
              "ref": null,
              "rendered": "Sort and filter open CFPs",
              "type": "h2",
            },
            Object {
              "instance": null,
              "key": undefined,
              "nodeType": "host",
              "props": Object {
                "children": Array [
                  <li
                    className="ViewList-item ViewList-item--active"
                    onClick={[Function]}
>
                    List
</li>,
                  <li
                    className="ViewList-item "
                    onClick={[Function]}
>
                    Map
</li>,
                ],
                "className": "ViewList",
              },
              "ref": null,
              "rendered": Array [
                Object {
                  "instance": null,
                  "key": undefined,
                  "nodeType": "host",
                  "props": Object {
                    "children": "List",
                    "className": "ViewList-item ViewList-item--active",
                    "onClick": [Function],
                  },
                  "ref": null,
                  "rendered": "List",
                  "type": "li",
                },
                Object {
                  "instance": null,
                  "key": undefined,
                  "nodeType": "host",
                  "props": Object {
                    "children": "Map",
                    "className": "ViewList-item ",
                    "onClick": [Function],
                  },
                  "ref": null,
                  "rendered": "Map",
                  "type": "li",
                },
              ],
              "type": "ul",
            },
          ],
          "type": "div",
        },
        Object {
          "instance": null,
          "key": undefined,
          "nodeType": "function",
          "props": Object {},
          "ref": null,
          "rendered": null,
          "type": [Function],
        },
        false,
        false,
        Object {
          "instance": null,
          "key": undefined,
          "nodeType": "host",
          "props": Object {
            "children": Array [
              "Created by Mercedes Bernard |",
              " ",
              <a
                href="https://github.com/mercedesb"
>
                Github
</a>,
              " |",
              " ",
              <a
                href="https://twitter.com/mercedescodes"
>
                Twitter
</a>,
            ],
            "className": "Created u-small",
          },
          "ref": null,
          "rendered": Array [
            "Created by Mercedes Bernard |",
            " ",
            Object {
              "instance": null,
              "key": undefined,
              "nodeType": "host",
              "props": Object {
                "children": "Github",
                "href": "https://github.com/mercedesb",
              },
              "ref": null,
              "rendered": "Github",
              "type": "a",
            },
            " |",
            " ",
            Object {
              "instance": null,
              "key": undefined,
              "nodeType": "host",
              "props": Object {
                "children": "Twitter",
                "href": "https://twitter.com/mercedescodes",
              },
              "ref": null,
              "rendered": "Twitter",
              "type": "a",
            },
          ],
          "type": "p",
        },
      ],
      "type": "div",
    },
  ],
  Symbol(enzyme.__options__): Object {
    "adapter": ReactSixteenAdapter {
      "options": Object {
        "enableComponentDidUpdateOnSetState": true,
        "lifecycles": Object {
          "componentDidUpdate": Object {
            "onSetState": true,
          },
          "getDerivedStateFromProps": true,
          "getSnapshotBeforeUpdate": true,
          "setState": Object {
            "skipsComponentDidUpdateOnNullish": true,
          },
        },
      },
    },
    "attachTo": undefined,
    "hydrateIn": undefined,
  },
}
`;
